ANCHORAGE            AK US 209.98 151.17   40 ANC 1
MOBILE               AL US 271.75 120.68   67 MOB 1
LITTLE ROCK          AR US 267.77 124.73   79 LIT 1
PHOENIX              AZ US 247.98 123.43  337 PHX 1
LOS ANGELES          CA US 241.60 123.93   32 LAX 1
SAN FRANCISCO        CA US 237.62 127.62    5 SFO 1
DENVER               CO US 255.13 129.75 1625 DEN 1
HARTFORD             CT US 287.32 131.93   55 BDL 1
Dover                DE US                    DOV 1
WASHINGTON           DC US 282.97 128.85   20 DCA 1
JACKSONVILLE         FL US 278.30 120.50    9 JAX 1
MIAMI                FL US 279.72 115.82    4 MIA 1
TAMPA                FL US 277.47 117.97    3 TPA 1
ATLANTA              GA US 275.58 123.65  315 ATL 1
HONOLULU             HI US 202.07 111.35    5 HNL 1
DES MOINES           IA US 266.35 131.53  294 DSM 1
BOISE                ID US 243.78 133.57  874 BOI 1
CHICAGO              IL US 272.10 131.98  205 ORD 1
INDIANAPOLIS         IN US 273.73 129.73  246 IND 1
WICHITA              KS US 262.57 127.65  408 ICT 1
LOUISVILLE           KY US 274.27 128.18  149 SDF 1
NEW ORLEANS          LA US 269.75 119.98    9 MSY 1
BOSTON               MA US 288.97 132.37    9 BOS 1
BALTIMORE            MD US 283.33 129.18   47 BWI 1
PORTLAND             ME US 289.68 133.65   19 PWM 1
DETROIT              MI US 276.67 132.23  202 DTW 1
MINNEAPOLIS          MN US 266.78 134.88  255 MSP 1
ST. LOUIS            MO US 269.63 128.75  172 STL 1
JACKSON              MS US 269.92 122.32  101 JAN 1
BILLINGS             MT US 251.47 135.80 1088 BIL 1
RALEIGH              NC US 281.22 125.87  134 RDU 1
BISMARCK             ND US 259.25 136.77  506 BIS 1
OMAHA                NE US 264.10 131.30  299 OMA 1
CONCORD              NH US 288.50 133.20  105 CON 1
ATLANTIC CITY        NJ US 285.43 129.45   20 ACY 1
ALBUQUERQUE          NM US 253.38 125.05 1620 ABQ 1
LAS VEGAS            NV US 244.83 126.08  664 LAS 1
BUFFALO              NY US 281.27 132.93  215 BUF 1
NEW YORK             NY US 286.22 130.65    7 JFK 1
CLEVELAND            OH US 278.13 131.42  245 CLE 1
OKLAHOMA CITY        OK US 262.40 125.40  397 OKC 1
PORTLAND             OR US 237.40 135.60   12 PDX 1
PHILADELPHIA         PA US 284.75 129.88    9 PHL 1
PITTSBURGH           PA US 279.78 130.50  373 PIT 1
SAN JUAN             PU PU 294.00 108.43   19 TJS 1
PROVIDENCE           RI US 288.57 131.73   19 PVD 1
CHARLESTON           SC US 279.97 122.90   15 CHS 1
SIOUX FALLS          SD US 263.27 133.58  435 FSD 1
MEMPHIS              TN US 270.00 125.05   87 MEM 1
DALLAS               TX US 262.97 122.90  182 DFW 1
HOUSTON              TX US 264.72 119.65   14 HOU 1
SALT LAKE CITY       UT US 248.03 130.78 1288 SLC 1
NORFOLK              VA US 283.80 126.90    9 ORF 1
BURLINGTON           VT US 286.85 134.47  104 BTV 1
SEATTLE              WA US 237.70 137.45  137 SEA 1
MILWAUKEE            WI US 272.10 132.95  211 MKE 1
CHARLESTON           WV US 278.40 128.37  299 CRW 1
CHEYENNE             WY US 255.18 131.15 1872 CYS 1
BIRMINGHAM           AL US ?????????????????? BHM 1
COLUMBIA             SC US ?????????????????? CAE 1
WILMINGTON           DE US ?????????????????? ILG 1
NASHVILLE            TN US ?????????????????? BNA 1
EL PASO              TX US ?????????????????? ELP 1
SACRAMENTO           CA US ?????????????????? SAC 1
